[13feb2026 20:59:25.486] [main/INFO] [net.neoforged.fml.startup.Entrypoint/]: JVM Uptime at startup: 115ms
[13feb2026 20:59:25.497] [main/INFO] [net.neoforged.fml.loading.FMLLoader/]: Starting FancyModLoader version 10.0.21 (CLIENT in DEV)
[13feb2026 20:59:25.497] [main/INFO] [net.neoforged.fml.loading.FMLLoader/]: Game directory: D:\Programmazione\Mod\Only Paxel\NEOFORGE\1.21.10\runs\clientData
[13feb2026 20:59:25.500] [main/DEBUG] [net.neoforged.fml.loading.FMLPaths/CORE]: Path GAMEDIR is D:\Programmazione\Mod\Only Paxel\NEOFORGE\1.21.10\runs\clientData
[13feb2026 20:59:25.500] [main/DEBUG] [net.neoforged.fml.loading.FMLPaths/CORE]: Path JIJ_CACHEDIR is D:\Programmazione\Mod\Only Paxel\NEOFORGE\1.21.10\runs\clientData\.cache\jij
[13feb2026 20:59:25.500] [main/DEBUG] [net.neoforged.fml.loading.FMLPaths/CORE]: Path MODSDIR is D:\Programmazione\Mod\Only Paxel\NEOFORGE\1.21.10\runs\clientData\mods
[13feb2026 20:59:25.500] [main/DEBUG] [net.neoforged.fml.loading.FMLPaths/CORE]: Path CONFIGDIR is D:\Programmazione\Mod\Only Paxel\NEOFORGE\1.21.10\runs\clientData\config
[13feb2026 20:59:25.500] [main/DEBUG] [net.neoforged.fml.loading.FMLPaths/CORE]: Path FMLCONFIG is D:\Programmazione\Mod\Only Paxel\NEOFORGE\1.21.10\runs\clientData\config\fml.toml
[13feb2026 20:59:25.530] [main/INFO] [net.neoforged.fml.loading.EarlyServiceDiscovery/]: Found 0 early service jars (out of 0) in 2ms
[13feb2026 20:59:25.531] [main/INFO] [net.neoforged.fml.loading.ImmediateWindowHandler/]: Not loading early display in headless mode.
[13feb2026 20:59:25.540] [main/DEBUG] [net.neoforged.fml.util.ServiceLoaderUtil/CORE]: Found 4 implementations of IModFileCandidateLocator:
[13feb2026 20:59:25.540] [main/DEBUG] [net.neoforged.fml.util.ServiceLoaderUtil/CORE]: 	    1000 - [built-in] net.neoforged.fml.loading.moddiscovery.locators.GameLocator from C:/Users/rosar/.gradle/caches/modules-2/files-2.1/net.neoforged.fancymodloader/loader/10.0.21/55579d5aed96492eb5862e14dfd7a92d2087603f/loader-10.0.21.jar
[13feb2026 20:59:25.540] [main/DEBUG] [net.neoforged.fml.util.ServiceLoaderUtil/CORE]: 	    1000 - [built-in] net.neoforged.fml.loading.moddiscovery.locators.InDevFolderLocator from C:/Users/rosar/.gradle/caches/modules-2/files-2.1/net.neoforged.fancymodloader/loader/10.0.21/55579d5aed96492eb5862e14dfd7a92d2087603f/loader-10.0.21.jar
[13feb2026 20:59:25.541] [main/DEBUG] [net.neoforged.fml.util.ServiceLoaderUtil/CORE]: 	    1000 - [built-in] net.neoforged.fml.loading.moddiscovery.locators.InDevJarLocator from C:/Users/rosar/.gradle/caches/modules-2/files-2.1/net.neoforged.fancymodloader/loader/10.0.21/55579d5aed96492eb5862e14dfd7a92d2087603f/loader-10.0.21.jar
[13feb2026 20:59:25.541] [main/DEBUG] [net.neoforged.fml.util.ServiceLoaderUtil/CORE]: 	       0 - [built-in] net.neoforged.fml.loading.moddiscovery.locators.ModsFolderLocator from C:/Users/rosar/.gradle/caches/modules-2/files-2.1/net.neoforged.fancymodloader/loader/10.0.21/55579d5aed96492eb5862e14dfd7a92d2087603f/loader-10.0.21.jar
[13feb2026 20:59:25.543] [main/DEBUG] [net.neoforged.fml.util.ServiceLoaderUtil/CORE]: Found 2 implementations of IModFileReader:
[13feb2026 20:59:25.543] [main/DEBUG] [net.neoforged.fml.util.ServiceLoaderUtil/CORE]: 	       0 - net.neoforged.fml.loading.moddiscovery.readers.JarModsDotTomlModFileReader from C:/Users/rosar/.gradle/caches/modules-2/files-2.1/net.neoforged.fancymodloader/loader/10.0.21/55579d5aed96492eb5862e14dfd7a92d2087603f/loader-10.0.21.jar
[13feb2026 20:59:25.543] [main/DEBUG] [net.neoforged.fml.util.ServiceLoaderUtil/CORE]: 	   -1000 - net.neoforged.fml.loading.moddiscovery.readers.NestedLibraryModReader from C:/Users/rosar/.gradle/caches/modules-2/files-2.1/net.neoforged.fancymodloader/loader/10.0.21/55579d5aed96492eb5862e14dfd7a92d2087603f/loader-10.0.21.jar
[13feb2026 20:59:25.545] [main/DEBUG] [net.neoforged.fml.util.ServiceLoaderUtil/CORE]: Found 1 implementations of IDependencyLocator:
[13feb2026 20:59:25.545] [main/DEBUG] [net.neoforged.fml.util.ServiceLoaderUtil/CORE]: 	       0 - net.neoforged.fml.loading.moddiscovery.locators.JarInJarDependencyLocator from C:/Users/rosar/.gradle/caches/modules-2/files-2.1/net.neoforged.fancymodloader/loader/10.0.21/55579d5aed96492eb5862e14dfd7a92d2087603f/loader-10.0.21.jar
[13feb2026 20:59:25.575] [main/DEBUG] [net.neoforged.fml.loading.moddiscovery.locators.RequiredSystemFiles/]: Found NeoForge MANIFEST.MF in jar(D:\Programmazione\Mod\Only Paxel\NEOFORGE\1.21.10\.gradle\repositories\ng_dummy_ng\net\neoforged\neoforge\21.10.17-beta\neoforge-21.10.17-beta.jar)
[13feb2026 20:59:25.576] [main/INFO] [net.neoforged.fml.loading.moddiscovery.locators.GameLocator/]: Detected a joined NeoForge and Minecraft configuration. Applying filtering...
[13feb2026 20:59:25.640] [main/DEBUG] [net.neoforged.fml.loading.moddiscovery.ModFileInfo/LOADING]: Found valid mod file client-1.21.10-client-extra.jar with {minecraft} mods - versions {1.21.10}
[13feb2026 20:59:25.646] [main/DEBUG] [net.neoforged.fml.loading.moddiscovery.ModFile/LOADING]: Loading mod file D:\Programmazione\Mod\Only Paxel\NEOFORGE\1.21.10\.gradle\repositories\ng_dummy_ng\net\minecraft\client\1.21.10\client-1.21.10-client-extra.jar with languages [LanguageSpec[languageName=minecraft, acceptedVersions=1]]
[13feb2026 20:59:25.648] [main/DEBUG] [net.neoforged.fml.loading.moddiscovery.ModFileParser/LOADING]: Considering mod file candidate D:\Programmazione\Mod\Only Paxel\NEOFORGE\1.21.10\.gradle\repositories\ng_dummy_ng\net\neoforged\neoforge\21.10.17-beta\neoforge-21.10.17-beta.jar
[13feb2026 20:59:25.651] [main/DEBUG] [net.neoforged.fml.loading.moddiscovery.ModFileInfo/LOADING]: Found valid mod file neoforge-21.10.17-beta.jar with {neoforge} mods - versions {21.10.17-beta}
[13feb2026 20:59:25.651] [main/DEBUG] [net.neoforged.fml.loading.moddiscovery.ModFile/LOADING]: Loading mod file D:\Programmazione\Mod\Only Paxel\NEOFORGE\1.21.10\.gradle\repositories\ng_dummy_ng\net\neoforged\neoforge\21.10.17-beta\neoforge-21.10.17-beta.jar with languages [LanguageSpec[languageName=javafml, acceptedVersions=[3,]]]
[13feb2026 20:59:25.656] [main/DEBUG] [net.neoforged.fml.loading.moddiscovery.ModFile/LOADING]: Found mixin config MixinConfig[config=neoforge.mixins.json, requiredMods=[], behaviorVersion=null]
[13feb2026 20:59:25.656] [main/INFO] [net.neoforged.fml.loading.moddiscovery.locators.InDevFolderLocator/CORE]: Got mod coordinates 1.21.10%%D:\Programmazione\Mod\Only Paxel\NEOFORGE\1.21.10\build\resources\main;1.21.10%%D:\Programmazione\Mod\Only Paxel\NEOFORGE\1.21.10\build\classes\java\main from env
[13feb2026 20:59:25.663] [main/DEBUG] [net.neoforged.fml.loading.moddiscovery.ModFileParser/LOADING]: Considering mod file candidate D:\Programmazione\Mod\Only Paxel\NEOFORGE\1.21.10\build\resources\main
[13feb2026 20:59:25.671] [main/DEBUG] [net.neoforged.fml.loading.moddiscovery.ModFileInfo/LOADING]: Found valid mod file main with {onlypaxel} mods - versions {1.21.10-0.2}
[13feb2026 20:59:25.671] [main/DEBUG] [net.neoforged.fml.loading.moddiscovery.ModFile/LOADING]: Loading mod file D:\Programmazione\Mod\Only Paxel\NEOFORGE\1.21.10\build\resources\main with languages [LanguageSpec[languageName=javafml, acceptedVersions=[4,)]]
[13feb2026 20:59:25.672] [main/DEBUG] [net.neoforged.fml.loading.moddiscovery.ModDiscoverer/]: Skipping D:\Programmazione\Mod\Only Paxel\NEOFORGE\1.21.10\.gradle\repositories\ng_dummy_ng\net\neoforged\neoforge\21.10.17-beta\neoforge-21.10.17-beta.jar because it was already located earlier
[13feb2026 20:59:25.697] [main/DEBUG] [net.neoforged.fml.loading.moddiscovery.ModFile/LOADING]: Loading mod file C:\Users\rosar\.gradle\caches\modules-2\files-2.1\io.github.llamalad7\mixinextras-neoforge\0.5.0\d734b83ce6542bb70ea31755c1595b88992dbe65\mixinextras-neoforge-0.5.0.jar with languages []
[13feb2026 20:59:25.780] [main/DEBUG] [net.neoforged.fml.loading.moddiscovery.ModFile/LOADING]: Loading mod file D:\Programmazione\Mod\Only Paxel\NEOFORGE\1.21.10\runs\clientData\.cache\jij\9c617719248f8b89847348fc7ea5e705739c147ae5e172551264d225bc9f2507\mixinextras-neoforge-0.5.0.jar with languages []
[13feb2026 20:59:25.782] [main/DEBUG] [net.neoforged.fml.loading.moddiscovery.ModFile/LOADING]: Loading mod file D:\Programmazione\Mod\Only Paxel\NEOFORGE\1.21.10\runs\clientData\.cache\jij\51629231fe2baaddd60d570ef06ada2b2f1fe8a34133e63afdd748b9ef93f9f1\net.neoforged.neoforge-coremods-21.10.17-beta.jar with languages []
[13feb2026 20:59:25.805] [main/WARN] [net.neoforged.jarjar.selection.JarSelector/]: Attempted to select a dependency jar for JarJar which was passed in as source: library:mixinextras.neoforge. Using jar(C:\Users\rosar\.gradle\caches\modules-2\files-2.1\io.github.llamalad7\mixinextras-neoforge\0.5.0\d734b83ce6542bb70ea31755c1595b88992dbe65\mixinextras-neoforge-0.5.0.jar)
[13feb2026 20:59:25.805] [main/INFO] [net.neoforged.fml.loading.moddiscovery.locators.JarInJarDependencyLocator/]: Found 1 dependencies adding them to mods collection
[13feb2026 20:59:25.808] [main/INFO] [net.neoforged.fml.loading.moddiscovery.ModDiscoverer/]: 
     Mod List:
		Name Version (Mod Id)

		Minecraft 1.21.10 (minecraft)
		NeoForge 21.10.17-beta (neoforge)
		OnlyPaxel 1.21.10-0.2 (onlypaxel)
[13feb2026 20:59:25.811] [main/DEBUG] [net.neoforged.fml.loading.ModSorter/]: Configured system mods: [minecraft, neoforge]
[13feb2026 20:59:25.811] [main/DEBUG] [net.neoforged.fml.loading.ModSorter/]: Found system mod: minecraft
[13feb2026 20:59:25.811] [main/DEBUG] [net.neoforged.fml.loading.ModSorter/]: Found system mod: neoforge
[13feb2026 20:59:25.813] [main/DEBUG] [net.neoforged.fml.loading.ModSorter/LOADING]: Found 2 mod requirements (2 mandatory, 0 optional)
[13feb2026 20:59:25.814] [main/DEBUG] [net.neoforged.fml.loading.ModSorter/LOADING]: Found 0 mod requirements missing (0 mandatory, 0 optional)
[13feb2026 20:59:26.024] [main/INFO] [mixin/]: SpongePowered MIXIN Subsystem Version=0.8.7 Source=file:/C:/Users/rosar/.gradle/caches/modules-2/files-2.1/net.fabricmc/sponge-mixin/0.16.5+mixin.0.8.7/80fc3a9f592673cea87f4cd702f87991c6c9fe4d/sponge-mixin-0.16.5+mixin.0.8.7.jar Service=FML Env=CLIENT
[13feb2026 20:59:26.069] [main/DEBUG] [mixin/]: Initialising Mixin Platform Manager
[13feb2026 20:59:26.070] [main/DEBUG] [mixin/]: Adding mixin platform agents for container ContainerHandleVirtual(fml:18c85)
[13feb2026 20:59:26.074] [main/DEBUG] [mixin/]: Instancing new MixinPlatformAgentDefault for ContainerHandleVirtual(fml:18c85)
[13feb2026 20:59:26.075] [main/DEBUG] [mixin/]: MixinPlatformAgentDefault accepted container ContainerHandleVirtual(fml:18c85)
[13feb2026 20:59:26.076] [main/DEBUG] [mixin/]: Instancing new MixinPlatformAgentDefault for ContainerHandleVirtual(fml:18c85)
[13feb2026 20:59:26.076] [main/DEBUG] [mixin/]: MixinPlatformAgentDefault accepted container ContainerHandleVirtual(fml:18c85)
[13feb2026 20:59:26.078] [main/DEBUG] [mixin/]: Processing prepare() for PlatformAgent[MixinPlatformAgentDefault:ContainerHandleVirtual(fml:18c85)]
[13feb2026 20:59:26.078] [main/DEBUG] [mixin/]: Processing prepare() for PlatformAgent[MixinPlatformAgentDefault:ContainerHandleVirtual(fml:18c85)]
[13feb2026 20:59:26.080] [main/INFO] [net.neoforged.fml.loading.FMLLoader/]: Loading FML Plugins:
[13feb2026 20:59:26.081] [main/INFO] [net.neoforged.fml.loading.FMLLoader/]:  - .cache/jij/51629231fe2baaddd60d570ef06ada2b2f1fe8a34133e63afdd748b9ef93f9f1/net.neoforged.neoforge-coremods-21.10.17-beta.jar
[13feb2026 20:59:26.089] [main/DEBUG] [net.neoforged.fml.util.ServiceLoaderUtil/CORE]: Found 2 implementations of IModLanguageLoader:
[13feb2026 20:59:26.089] [main/DEBUG] [net.neoforged.fml.util.ServiceLoaderUtil/CORE]: 	net.neoforged.fml.javafmlmod.FMLJavaModLanguageProvider from C:/Users/rosar/.gradle/caches/modules-2/files-2.1/net.neoforged.fancymodloader/loader/10.0.21/55579d5aed96492eb5862e14dfd7a92d2087603f/loader-10.0.21.jar
[13feb2026 20:59:26.089] [main/DEBUG] [net.neoforged.fml.util.ServiceLoaderUtil/CORE]: 	net.neoforged.fml.mclanguageprovider.MinecraftModLanguageProvider from C:/Users/rosar/.gradle/caches/modules-2/files-2.1/net.neoforged.fancymodloader/loader/10.0.21/55579d5aed96492eb5862e14dfd7a92d2087603f/loader-10.0.21.jar
[13feb2026 20:59:26.090] [main/DEBUG] [net.neoforged.fml.loading.LanguageProviderLoader/CORE]: Found language provider javafml, version 10.0
[13feb2026 20:59:26.092] [main/DEBUG] [net.neoforged.fml.loading.LanguageProviderLoader/CORE]: Found language provider minecraft, version 10.0
[13feb2026 20:59:26.151] [main/DEBUG] [net.neoforged.fml.util.ServiceLoaderUtil/CORE]: Found 4 implementations of ClassProcessor:
[13feb2026 20:59:26.151] [main/DEBUG] [net.neoforged.fml.util.ServiceLoaderUtil/CORE]: 	[built-in] net.neoforged.fml.common.asm.AccessTransformerService from C:/Users/rosar/.gradle/caches/modules-2/files-2.1/net.neoforged.fancymodloader/loader/10.0.21/55579d5aed96492eb5862e14dfd7a92d2087603f/loader-10.0.21.jar
[13feb2026 20:59:26.152] [main/DEBUG] [net.neoforged.fml.util.ServiceLoaderUtil/CORE]: 	[built-in] net.neoforged.fml.common.asm.enumextension.RuntimeEnumExtender from C:/Users/rosar/.gradle/caches/modules-2/files-2.1/net.neoforged.fancymodloader/loader/10.0.21/55579d5aed96492eb5862e14dfd7a92d2087603f/loader-10.0.21.jar
[13feb2026 20:59:26.152] [main/DEBUG] [net.neoforged.fml.util.ServiceLoaderUtil/CORE]: 	[built-in] net.neoforged.fml.common.asm.SimpleProcessorsGroup from C:/Users/rosar/.gradle/caches/modules-2/files-2.1/net.neoforged.fancymodloader/loader/10.0.21/55579d5aed96492eb5862e14dfd7a92d2087603f/loader-10.0.21.jar
[13feb2026 20:59:26.152] [main/DEBUG] [net.neoforged.fml.util.ServiceLoaderUtil/CORE]: 	[built-in] net.neoforged.fml.loading.mixin.FMLMixinClassProcessor from C:/Users/rosar/.gradle/caches/modules-2/files-2.1/net.neoforged.fancymodloader/loader/10.0.21/55579d5aed96492eb5862e14dfd7a92d2087603f/loader-10.0.21.jar
[13feb2026 20:59:26.156] [main/DEBUG] [net.neoforged.fml.util.ServiceLoaderUtil/CORE]: Found 1 implementations of ClassProcessorProvider:
[13feb2026 20:59:26.156] [main/DEBUG] [net.neoforged.fml.util.ServiceLoaderUtil/CORE]: 	net.neoforged.neoforge.coremods.NeoForgeCoreMod from .cache/jij/51629231fe2baaddd60d570ef06ada2b2f1fe8a34133e63afdd748b9ef93f9f1/net.neoforged.neoforge-coremods-21.10.17-beta.jar
[13feb2026 20:59:26.218] [main/DEBUG] [net.neoforged.fml.loading.FMLLoader/]: Masking classpath elements: [C:/Users/rosar/.gradle/caches/modules-2/files-2.1/io.github.llamalad7/mixinextras-neoforge/0.5.0/d734b83ce6542bb70ea31755c1595b88992dbe65/mixinextras-neoforge-0.5.0.jar, D:/Programmazione/Mod/Only Paxel/NEOFORGE/1.21.10/.gradle/repositories/ng_dummy_ng/net/neoforged/neoforge/21.10.17-beta/neoforge-21.10.17-beta.jar, D:/Programmazione/Mod/Only Paxel/NEOFORGE/1.21.10/build/classes/java/main, D:/Programmazione/Mod/Only Paxel/NEOFORGE/1.21.10/build/resources/main, D:/Programmazione/Mod/Only Paxel/NEOFORGE/1.21.10/.gradle/repositories/ng_dummy_ng/net/minecraft/client/1.21.10/client-1.21.10-client-extra.jar]
[13feb2026 20:59:26.230] [main/INFO] [net.neoforged.fml.loading.FMLLoader/]: Building game content classloader:
 - minecraft (composite(jar(D:\Programmazione\Mod\Only Paxel\NEOFORGE\1.21.10\.gradle\repositories\ng_dummy_ng\net\minecraft\client\1.21.10\client-1.21.10-client-extra.jar), filtered(jar(D:\Programmazione\Mod\Only Paxel\NEOFORGE\1.21.10\.gradle\repositories\ng_dummy_ng\net\neoforged\neoforge\21.10.17-beta\neoforge-21.10.17-beta.jar))))
 - mixinextras.neoforge (jar(C:\Users\rosar\.gradle\caches\modules-2\files-2.1\io.github.llamalad7\mixinextras-neoforge\0.5.0\d734b83ce6542bb70ea31755c1595b88992dbe65\mixinextras-neoforge-0.5.0.jar))
 - neoforge (composite(filtered(jar(D:\Programmazione\Mod\Only Paxel\NEOFORGE\1.21.10\.gradle\repositories\ng_dummy_ng\net\neoforged\neoforge\21.10.17-beta\neoforge-21.10.17-beta.jar))))
 - net.neoforged.fml.generated (empty(VirtualJar\net.neoforged.fml.generated))
 - onlypaxel (composite(folder(D:\Programmazione\Mod\Only Paxel\NEOFORGE\1.21.10\build\resources\main), folder(D:\Programmazione\Mod\Only Paxel\NEOFORGE\1.21.10\build\classes\java\main)))
[13feb2026 20:59:26.249] [main/INFO] [net.neoforged.fml.loading.FMLLoader/]: Built game content classloader in 30ms
[13feb2026 20:59:26.338] [main/DEBUG] [mixin/]: Processing launch tasks for PlatformAgent[MixinPlatformAgentDefault:ContainerHandleVirtual(fml:18c85)]
[13feb2026 20:59:26.339] [main/DEBUG] [mixin/]: Processing launch tasks for PlatformAgent[MixinPlatformAgentDefault:ContainerHandleVirtual(fml:18c85)]
[13feb2026 20:59:26.339] [main/DEBUG] [mixin/]: Adding agents for Mixin Container composite(filtered(jar(D:\Programmazione\Mod\Only Paxel\NEOFORGE\1.21.10\.gradle\repositories\ng_dummy_ng\net\neoforged\neoforge\21.10.17-beta\neoforge-21.10.17-beta.jar))) > jar(D:\Programmazione\Mod\Only Paxel\NEOFORGE\1.21.10\runs\clientData\.cache\jij\51629231fe2baaddd60d570ef06ada2b2f1fe8a34133e63afdd748b9ef93f9f1\net.neoforged.neoforge-coremods-21.10.17-beta.jar)
[13feb2026 20:59:26.339] [main/DEBUG] [mixin/]: Adding mixin platform agents for container composite(filtered(jar(D:\Programmazione\Mod\Only Paxel\NEOFORGE\1.21.10\.gradle\repositories\ng_dummy_ng\net\neoforged\neoforge\21.10.17-beta\neoforge-21.10.17-beta.jar))) > jar(D:\Programmazione\Mod\Only Paxel\NEOFORGE\1.21.10\runs\clientData\.cache\jij\51629231fe2baaddd60d570ef06ada2b2f1fe8a34133e63afdd748b9ef93f9f1\net.neoforged.neoforge-coremods-21.10.17-beta.jar)
[13feb2026 20:59:26.339] [main/DEBUG] [mixin/]: Instancing new MixinPlatformAgentDefault for composite(filtered(jar(D:\Programmazione\Mod\Only Paxel\NEOFORGE\1.21.10\.gradle\repositories\ng_dummy_ng\net\neoforged\neoforge\21.10.17-beta\neoforge-21.10.17-beta.jar))) > jar(D:\Programmazione\Mod\Only Paxel\NEOFORGE\1.21.10\runs\clientData\.cache\jij\51629231fe2baaddd60d570ef06ada2b2f1fe8a34133e63afdd748b9ef93f9f1\net.neoforged.neoforge-coremods-21.10.17-beta.jar)
[13feb2026 20:59:26.340] [main/DEBUG] [mixin/]: MixinPlatformAgentDefault accepted container composite(filtered(jar(D:\Programmazione\Mod\Only Paxel\NEOFORGE\1.21.10\.gradle\repositories\ng_dummy_ng\net\neoforged\neoforge\21.10.17-beta\neoforge-21.10.17-beta.jar))) > jar(D:\Programmazione\Mod\Only Paxel\NEOFORGE\1.21.10\runs\clientData\.cache\jij\51629231fe2baaddd60d570ef06ada2b2f1fe8a34133e63afdd748b9ef93f9f1\net.neoforged.neoforge-coremods-21.10.17-beta.jar)
[13feb2026 20:59:26.340] [main/DEBUG] [mixin/]: Instancing new MixinPlatformAgentDefault for composite(filtered(jar(D:\Programmazione\Mod\Only Paxel\NEOFORGE\1.21.10\.gradle\repositories\ng_dummy_ng\net\neoforged\neoforge\21.10.17-beta\neoforge-21.10.17-beta.jar))) > jar(D:\Programmazione\Mod\Only Paxel\NEOFORGE\1.21.10\runs\clientData\.cache\jij\51629231fe2baaddd60d570ef06ada2b2f1fe8a34133e63afdd748b9ef93f9f1\net.neoforged.neoforge-coremods-21.10.17-beta.jar)
[13feb2026 20:59:26.340] [main/DEBUG] [mixin/]: MixinPlatformAgentDefault accepted container composite(filtered(jar(D:\Programmazione\Mod\Only Paxel\NEOFORGE\1.21.10\.gradle\repositories\ng_dummy_ng\net\neoforged\neoforge\21.10.17-beta\neoforge-21.10.17-beta.jar))) > jar(D:\Programmazione\Mod\Only Paxel\NEOFORGE\1.21.10\runs\clientData\.cache\jij\51629231fe2baaddd60d570ef06ada2b2f1fe8a34133e63afdd748b9ef93f9f1\net.neoforged.neoforge-coremods-21.10.17-beta.jar)
[13feb2026 20:59:26.340] [main/DEBUG] [mixin/]: Processing prepare() for PlatformAgent[MixinPlatformAgentDefault:composite(filtered(jar(D:\Programmazione\Mod\Only Paxel\NEOFORGE\1.21.10\.gradle\repositories\ng_dummy_ng\net\neoforged\neoforge\21.10.17-beta\neoforge-21.10.17-beta.jar))) > jar(D:\Programmazione\Mod\Only Paxel\NEOFORGE\1.21.10\runs\clientData\.cache\jij\51629231fe2baaddd60d570ef06ada2b2f1fe8a34133e63afdd748b9ef93f9f1\net.neoforged.neoforge-coremods-21.10.17-beta.jar)]
[13feb2026 20:59:26.341] [main/DEBUG] [mixin/]: Processing prepare() for PlatformAgent[MixinPlatformAgentDefault:composite(filtered(jar(D:\Programmazione\Mod\Only Paxel\NEOFORGE\1.21.10\.gradle\repositories\ng_dummy_ng\net\neoforged\neoforge\21.10.17-beta\neoforge-21.10.17-beta.jar))) > jar(D:\Programmazione\Mod\Only Paxel\NEOFORGE\1.21.10\runs\clientData\.cache\jij\51629231fe2baaddd60d570ef06ada2b2f1fe8a34133e63afdd748b9ef93f9f1\net.neoforged.neoforge-coremods-21.10.17-beta.jar)]
[13feb2026 20:59:26.341] [main/DEBUG] [mixin/]: Adding agents for Mixin Container jar(C:\Users\rosar\.gradle\caches\modules-2\files-2.1\io.github.llamalad7\mixinextras-neoforge\0.5.0\d734b83ce6542bb70ea31755c1595b88992dbe65\mixinextras-neoforge-0.5.0.jar)
[13feb2026 20:59:26.341] [main/DEBUG] [mixin/]: Adding mixin platform agents for container jar(C:\Users\rosar\.gradle\caches\modules-2\files-2.1\io.github.llamalad7\mixinextras-neoforge\0.5.0\d734b83ce6542bb70ea31755c1595b88992dbe65\mixinextras-neoforge-0.5.0.jar)
[13feb2026 20:59:26.341] [main/DEBUG] [mixin/]: Instancing new MixinPlatformAgentDefault for jar(C:\Users\rosar\.gradle\caches\modules-2\files-2.1\io.github.llamalad7\mixinextras-neoforge\0.5.0\d734b83ce6542bb70ea31755c1595b88992dbe65\mixinextras-neoforge-0.5.0.jar)
[13feb2026 20:59:26.341] [main/DEBUG] [mixin/]: MixinPlatformAgentDefault accepted container jar(C:\Users\rosar\.gradle\caches\modules-2\files-2.1\io.github.llamalad7\mixinextras-neoforge\0.5.0\d734b83ce6542bb70ea31755c1595b88992dbe65\mixinextras-neoforge-0.5.0.jar)
[13feb2026 20:59:26.342] [main/DEBUG] [mixin/]: Instancing new MixinPlatformAgentDefault for jar(C:\Users\rosar\.gradle\caches\modules-2\files-2.1\io.github.llamalad7\mixinextras-neoforge\0.5.0\d734b83ce6542bb70ea31755c1595b88992dbe65\mixinextras-neoforge-0.5.0.jar)
[13feb2026 20:59:26.342] [main/DEBUG] [mixin/]: MixinPlatformAgentDefault accepted container jar(C:\Users\rosar\.gradle\caches\modules-2\files-2.1\io.github.llamalad7\mixinextras-neoforge\0.5.0\d734b83ce6542bb70ea31755c1595b88992dbe65\mixinextras-neoforge-0.5.0.jar)
[13feb2026 20:59:26.342] [main/DEBUG] [mixin/]: Processing prepare() for PlatformAgent[MixinPlatformAgentDefault:jar(C:\Users\rosar\.gradle\caches\modules-2\files-2.1\io.github.llamalad7\mixinextras-neoforge\0.5.0\d734b83ce6542bb70ea31755c1595b88992dbe65\mixinextras-neoforge-0.5.0.jar)]
[13feb2026 20:59:26.342] [main/DEBUG] [mixin/]: Registering mixin config: mixinextras.init.mixins.json source=jar(C:\Users\rosar\.gradle\caches\modules-2\files-2.1\io.github.llamalad7\mixinextras-neoforge\0.5.0\d734b83ce6542bb70ea31755c1595b88992dbe65\mixinextras-neoforge-0.5.0.jar)
[13feb2026 20:59:26.345] [main/DEBUG] [mixin/]: Processing prepare() for PlatformAgent[MixinPlatformAgentDefault:jar(C:\Users\rosar\.gradle\caches\modules-2\files-2.1\io.github.llamalad7\mixinextras-neoforge\0.5.0\d734b83ce6542bb70ea31755c1595b88992dbe65\mixinextras-neoforge-0.5.0.jar)]
[13feb2026 20:59:26.346] [main/DEBUG] [mixin/]: Registering mixin config: mixinextras.init.mixins.json source=jar(C:\Users\rosar\.gradle\caches\modules-2\files-2.1\io.github.llamalad7\mixinextras-neoforge\0.5.0\d734b83ce6542bb70ea31755c1595b88992dbe65\mixinextras-neoforge-0.5.0.jar)
[13feb2026 20:59:26.346] [main/DEBUG] [mixin/]: inject() running with 3 agents
[13feb2026 20:59:26.346] [main/DEBUG] [mixin/]: Processing inject() for PlatformAgent[MixinPlatformAgentDefault:ContainerHandleVirtual(fml:18c85)]
[13feb2026 20:59:26.346] [main/DEBUG] [mixin/]: Processing inject() for PlatformAgent[MixinPlatformAgentDefault:ContainerHandleVirtual(fml:18c85)]
[13feb2026 20:59:26.346] [main/DEBUG] [mixin/]: Processing inject() for PlatformAgent[MixinPlatformAgentDefault:composite(filtered(jar(D:\Programmazione\Mod\Only Paxel\NEOFORGE\1.21.10\.gradle\repositories\ng_dummy_ng\net\neoforged\neoforge\21.10.17-beta\neoforge-21.10.17-beta.jar))) > jar(D:\Programmazione\Mod\Only Paxel\NEOFORGE\1.21.10\runs\clientData\.cache\jij\51629231fe2baaddd60d570ef06ada2b2f1fe8a34133e63afdd748b9ef93f9f1\net.neoforged.neoforge-coremods-21.10.17-beta.jar)]
[13feb2026 20:59:26.346] [main/DEBUG] [mixin/]: Processing inject() for PlatformAgent[MixinPlatformAgentDefault:composite(filtered(jar(D:\Programmazione\Mod\Only Paxel\NEOFORGE\1.21.10\.gradle\repositories\ng_dummy_ng\net\neoforged\neoforge\21.10.17-beta\neoforge-21.10.17-beta.jar))) > jar(D:\Programmazione\Mod\Only Paxel\NEOFORGE\1.21.10\runs\clientData\.cache\jij\51629231fe2baaddd60d570ef06ada2b2f1fe8a34133e63afdd748b9ef93f9f1\net.neoforged.neoforge-coremods-21.10.17-beta.jar)]
[13feb2026 20:59:26.346] [main/DEBUG] [mixin/]: Processing inject() for PlatformAgent[MixinPlatformAgentDefault:jar(C:\Users\rosar\.gradle\caches\modules-2\files-2.1\io.github.llamalad7\mixinextras-neoforge\0.5.0\d734b83ce6542bb70ea31755c1595b88992dbe65\mixinextras-neoforge-0.5.0.jar)]
[13feb2026 20:59:26.346] [main/DEBUG] [mixin/]: Processing inject() for PlatformAgent[MixinPlatformAgentDefault:jar(C:\Users\rosar\.gradle\caches\modules-2\files-2.1\io.github.llamalad7\mixinextras-neoforge\0.5.0\d734b83ce6542bb70ea31755c1595b88992dbe65\mixinextras-neoforge-0.5.0.jar)]
[13feb2026 20:59:26.354] [main/DEBUG] [mixin/]: Preparing mixins for MixinEnvironment[DEFAULT]
[13feb2026 20:59:26.355] [main/DEBUG] [mixin/]: Selecting config neoforge.mixins.json
[13feb2026 20:59:26.365] [main/DEBUG] [mixin/]: Selecting config mixinextras.init.mixins.json
[13feb2026 20:59:26.432] [main/DEBUG] [MixinExtras|Service/]: com.llamalad7.mixinextras.service.MixinExtrasServiceImpl(version=0.5.0) is taking over from null
[13feb2026 20:59:26.491] [main/DEBUG] [mixin/]: Registering new injector for @Inject with org.spongepowered.asm.mixin.injection.struct.CallbackInjectionInfo
[13feb2026 20:59:26.492] [main/DEBUG] [mixin/]: Registering new injector for @ModifyArg with org.spongepowered.asm.mixin.injection.struct.ModifyArgInjectionInfo
[13feb2026 20:59:26.493] [main/DEBUG] [mixin/]: Registering new injector for @ModifyArgs with org.spongepowered.asm.mixin.injection.struct.ModifyArgsInjectionInfo
[13feb2026 20:59:26.494] [main/DEBUG] [mixin/]: Registering new injector for @Redirect with org.spongepowered.asm.mixin.injection.struct.RedirectInjectionInfo
[13feb2026 20:59:26.495] [main/DEBUG] [mixin/]: Registering new injector for @ModifyVariable with org.spongepowered.asm.mixin.injection.struct.ModifyVariableInjectionInfo
[13feb2026 20:59:26.495] [main/DEBUG] [mixin/]: Registering new injector for @ModifyConstant with org.spongepowered.asm.mixin.injection.struct.ModifyConstantInjectionInfo
[13feb2026 20:59:26.504] [main/DEBUG] [mixin/]: Preparing neoforge.mixins.json (2)
[13feb2026 20:59:26.553] [main/DEBUG] [mixin/]: Preparing mixinextras.init.mixins.json (0)
[13feb2026 20:59:26.562] [main/DEBUG] [io.netty.util.internal.logging.InternalLoggerFactory/]: Using SLF4J as the default logging framework
[13feb2026 20:59:26.564] [main/DEBUG] [io.netty.util.ResourceLeakDetector/]: -Dio.netty.leakDetection.level: simple
[13feb2026 20:59:26.564] [main/DEBUG] [io.netty.util.ResourceLeakDetector/]: -Dio.netty.leakDetection.targetRecords: 4
[13feb2026 20:59:26.677] [main/INFO] [MixinExtras|Service/]: Initializing MixinExtras via com.llamalad7.mixinextras.service.MixinExtrasServiceImpl(version=0.5.0).
[13feb2026 20:59:26.679] [main/DEBUG] [mixin/]: Registering new injector for @SugarWrapper with com.llamalad7.mixinextras.sugar.impl.SugarWrapperInjectionInfo
[13feb2026 20:59:26.680] [main/DEBUG] [mixin/]: Registering new injector for @FactoryRedirectWrapper with com.llamalad7.mixinextras.wrapper.factory.FactoryRedirectWrapperInjectionInfo
[13feb2026 20:59:26.680] [main/DEBUG] [mixin/]: Registering new injector for @ExpressionInjectorWrapper with com.llamalad7.mixinextras.expression.impl.wrapper.ExpressionInjectorWrapperInjectionInfo
[13feb2026 20:59:26.688] [main/DEBUG] [mixin/]: Mixing MappedRegistryAccessor from neoforge.mixins.json into net.minecraft.core.MappedRegistry
[13feb2026 20:59:27.534] [main/DEBUG] [mixin/]: Mixing BlockEntityTypeAccessor from neoforge.mixins.json into net.minecraft.world.level.block.entity.BlockEntityType
[13feb2026 20:59:28.972] [main/DEBUG] [io.netty.util.internal.PlatformDependent0/]: -Dio.netty.noUnsafe: false
[13feb2026 20:59:28.973] [main/DEBUG] [io.netty.util.internal.PlatformDependent0/]: Java version: 21
[13feb2026 20:59:28.974] [main/DEBUG] [io.netty.util.internal.PlatformDependent0/]: sun.misc.Unsafe.theUnsafe: available
[13feb2026 20:59:28.975] [main/DEBUG] [io.netty.util.internal.PlatformDependent0/]: sun.misc.Unsafe base methods: all available
[13feb2026 20:59:28.976] [main/DEBUG] [io.netty.util.internal.PlatformDependent0/]: sun.misc.Unsafe.storeFence: available
[13feb2026 20:59:28.978] [main/DEBUG] [io.netty.util.internal.PlatformDependent0/]: java.nio.Buffer.address: available
[13feb2026 20:59:28.980] [main/DEBUG] [io.netty.util.internal.PlatformDependent0/]: java.nio.Bits.unaligned: available, true
[13feb2026 20:59:28.982] [main/DEBUG] [io.netty.util.internal.PlatformDependent0/]: java.nio.DirectByteBuffer.<init>(long, {int,long}): unavailable
[13feb2026 20:59:28.982] [main/DEBUG] [io.netty.util.internal.PlatformDependent/]: sun.misc.Unsafe: available
[13feb2026 20:59:28.982] [main/DEBUG] [io.netty.util.internal.PlatformDependent/]: -Dio.netty.tmpdir: C:\Users\rosar\AppData\Local\Temp (java.io.tmpdir)
[13feb2026 20:59:28.983] [main/DEBUG] [io.netty.util.internal.PlatformDependent/]: -Dio.netty.bitMode: 64 (sun.arch.data.model)
[13feb2026 20:59:28.983] [main/DEBUG] [io.netty.util.internal.PlatformDependent/]: Platform: Windows
[13feb2026 20:59:28.984] [main/DEBUG] [io.netty.util.internal.PlatformDependent/]: -Dio.netty.maxDirectMemory: -1 bytes
[13feb2026 20:59:28.984] [main/DEBUG] [io.netty.util.internal.PlatformDependent/]: -Dio.netty.uninitializedArrayAllocationThreshold: -1
[13feb2026 20:59:28.985] [main/DEBUG] [io.netty.util.internal.CleanerJava9/]: java.nio.ByteBuffer.cleaner(): available
[13feb2026 20:59:28.986] [main/DEBUG] [io.netty.util.internal.PlatformDependent/]: -Dio.netty.noPreferDirect: false
[13feb2026 20:59:31.063] [main/INFO] [net.neoforged.neoforge.data.loading.DatagenModLoader/]: Initializing Data Gatherer for mods [onlypaxel]
[13feb2026 20:59:31.065] [main/DEBUG] [net.neoforged.fml.ModWorkManager/LOADING]: Using 16 threads for parallel mod-loading
[13feb2026 20:59:31.078] [main/DEBUG] [net.neoforged.fml.javafmlmod.FMLModContainer/LOADING]: Creating FMLModContainer instance for onlypaxel with entrypoints [com.blocklegend001.onlypaxel.OnlyPaxel]
[13feb2026 20:59:31.086] [main/DEBUG] [net.neoforged.fml.javafmlmod.FMLModContainer/LOADING]: Creating FMLModContainer instance for neoforge with entrypoints [net.neoforged.neoforge.common.NeoForgeMod, net.neoforged.neoforge.common.OnlyInWarningsHandler, net.neoforged.neoforge.client.ClientNeoForgeMod]
[13feb2026 20:59:31.103] [modloading-worker-0/DEBUG] [net.neoforged.fml.javafmlmod.AutomaticEventSubscriber/LOADING]: Attempting to inject @EventBusSubscriber classes into the eventbus for onlypaxel
[13feb2026 20:59:31.103] [modloading-worker-0/DEBUG] [net.neoforged.neoforge.internal.versions.neoforge.NeoForgeVersion/CORE]: Found NeoForge version 21.10.17-beta
[13feb2026 20:59:31.104] [modloading-worker-0/INFO] [net.neoforged.neoforge.common.NeoForgeMod/NEOFORGE-MOD]: NeoForge mod loading, version 21.10.17-beta, for MC 1.21.10
[13feb2026 20:59:31.104] [modloading-worker-0/DEBUG] [net.neoforged.fml.javafmlmod.AutomaticEventSubscriber/LOADING]: Scanning class com.blocklegend001.onlypaxel.datagen.DataGenerators for @SubscribeEvent-annotated methods
[13feb2026 20:59:31.106] [modloading-worker-0/DEBUG] [net.neoforged.fml.javafmlmod.AutomaticEventSubscriber/LOADING]: Subscribing method public static void com.blocklegend001.onlypaxel.datagen.DataGenerators.gatherData(net.neoforged.neoforge.data.event.GatherDataEvent$Client) to the event bus of mod onlypaxel
[13feb2026 20:59:31.118] [modloading-worker-0/DEBUG] [net.neoforged.fml.config.ConfigTracker/CONFIG]: Config file neoforge-server.toml for neoforge tracking
[13feb2026 20:59:31.120] [modloading-worker-0/DEBUG] [net.neoforged.fml.config.ConfigTracker/CONFIG]: Config file neoforge-common.toml for neoforge tracking
[13feb2026 20:59:31.163] [modloading-worker-0/DEBUG] [net.neoforged.fml.config.ConfigTracker/CONFIG]: Config file neoforge-client.toml for neoforge tracking
[13feb2026 20:59:31.176] [modloading-worker-0/DEBUG] [net.neoforged.fml.javafmlmod.AutomaticEventSubscriber/LOADING]: Attempting to inject @EventBusSubscriber classes into the eventbus for neoforge
[13feb2026 20:59:31.178] [modloading-worker-0/DEBUG] [net.neoforged.fml.javafmlmod.AutomaticEventSubscriber/LOADING]: Scanning class net.neoforged.neoforge.attachment.AttachmentInternals for @SubscribeEvent-annotated methods
[13feb2026 20:59:31.180] [modloading-worker-0/DEBUG] [net.neoforged.fml.javafmlmod.AutomaticEventSubscriber/LOADING]: Subscribing method public static void net.neoforged.neoforge.attachment.AttachmentInternals.onLivingConvert(net.neoforged.neoforge.event.entity.living.LivingConversionEvent$Post) to the game event bus
[13feb2026 20:59:31.181] [modloading-worker-0/DEBUG] [net.neoforged.fml.javafmlmod.AutomaticEventSubscriber/LOADING]: Subscribing method public static void net.neoforged.neoforge.attachment.AttachmentInternals.onPlayerClone(net.neoforged.neoforge.event.entity.player.PlayerEvent$Clone) to the game event bus
[13feb2026 20:59:31.181] [modloading-worker-0/DEBUG] [net.neoforged.fml.javafmlmod.AutomaticEventSubscriber/LOADING]: Scanning class net.neoforged.neoforge.attachment.AttachmentSync for @SubscribeEvent-annotated methods
[13feb2026 20:59:31.184] [modloading-worker-0/DEBUG] [net.neoforged.fml.javafmlmod.AutomaticEventSubscriber/LOADING]: Subscribing method public static void net.neoforged.neoforge.attachment.AttachmentSync.onChunkSent(net.neoforged.neoforge.event.level.ChunkWatchEvent$Sent) to the game event bus
[13feb2026 20:59:31.184] [modloading-worker-0/DEBUG] [net.neoforged.fml.javafmlmod.AutomaticEventSubscriber/LOADING]: Scanning class net.neoforged.neoforge.client.BlockEntityRenderBoundsDebugRenderer for @SubscribeEvent-annotated methods
[13feb2026 20:59:31.187] [modloading-worker-0/DEBUG] [net.neoforged.fml.javafmlmod.AutomaticEventSubscriber/LOADING]: Subscribing method public static void net.neoforged.neoforge.client.BlockEntityRenderBoundsDebugRenderer.onRegisterClientCommands(net.neoforged.neoforge.client.event.RegisterClientCommandsEvent) to the game event bus
[13feb2026 20:59:31.188] [modloading-worker-0/DEBUG] [net.neoforged.fml.javafmlmod.AutomaticEventSubscriber/LOADING]: Subscribing method public static void net.neoforged.neoforge.client.BlockEntityRenderBoundsDebugRenderer.onExtractLevelRenderState(net.neoforged.neoforge.client.event.ExtractLevelRenderStateEvent) to the game event bus
[13feb2026 20:59:31.188] [modloading-worker-0/DEBUG] [net.neoforged.fml.javafmlmod.AutomaticEventSubscriber/LOADING]: Subscribing method public static void net.neoforged.neoforge.client.BlockEntityRenderBoundsDebugRenderer.onRenderLevelStage(net.neoforged.neoforge.client.event.RenderLevelStageEvent$AfterEntities) to the game event bus
[13feb2026 20:59:31.188] [modloading-worker-0/DEBUG] [net.neoforged.fml.javafmlmod.AutomaticEventSubscriber/LOADING]: Scanning class net.neoforged.neoforge.client.NeoForgeRenderPipelines for @SubscribeEvent-annotated methods
[13feb2026 20:59:31.198] [modloading-worker-0/DEBUG] [net.neoforged.fml.javafmlmod.AutomaticEventSubscriber/LOADING]: Subscribing method static void net.neoforged.neoforge.client.NeoForgeRenderPipelines.registerPipelines(net.neoforged.neoforge.client.event.RegisterRenderPipelinesEvent) to the event bus of mod neoforge
[13feb2026 20:59:31.199] [modloading-worker-0/DEBUG] [net.neoforged.fml.javafmlmod.AutomaticEventSubscriber/LOADING]: Scanning class net.neoforged.neoforge.client.network.ClientPayloadHandler for @SubscribeEvent-annotated methods
[13feb2026 20:59:31.206] [modloading-worker-0/DEBUG] [net.neoforged.fml.javafmlmod.AutomaticEventSubscriber/LOADING]: Subscribing method private static void net.neoforged.neoforge.client.network.ClientPayloadHandler.register(net.neoforged.neoforge.client.network.event.RegisterClientPayloadHandlersEvent) to the event bus of mod neoforge
[13feb2026 20:59:31.206] [modloading-worker-0/DEBUG] [net.neoforged.fml.javafmlmod.AutomaticEventSubscriber/LOADING]: Scanning class net.neoforged.neoforge.common.MonsterRoomHooks for @SubscribeEvent-annotated methods
[13feb2026 20:59:31.207] [modloading-worker-0/DEBUG] [net.neoforged.fml.javafmlmod.AutomaticEventSubscriber/LOADING]: Subscribing method public static void net.neoforged.neoforge.common.MonsterRoomHooks.onDataMapsUpdated(net.neoforged.neoforge.registries.datamaps.DataMapsUpdatedEvent) to the game event bus
[13feb2026 20:59:31.207] [modloading-worker-0/DEBUG] [net.neoforged.fml.javafmlmod.AutomaticEventSubscriber/LOADING]: Scanning class net.neoforged.neoforge.model.data.ModelDataManager for @SubscribeEvent-annotated methods
[13feb2026 20:59:31.208] [modloading-worker-0/DEBUG] [net.neoforged.fml.javafmlmod.AutomaticEventSubscriber/LOADING]: Subscribing method public static void net.neoforged.neoforge.model.data.ModelDataManager.onChunkUnload(net.neoforged.neoforge.event.level.ChunkEvent$Unload) to the game event bus
[13feb2026 20:59:31.208] [modloading-worker-0/DEBUG] [net.neoforged.fml.javafmlmod.AutomaticEventSubscriber/LOADING]: Scanning class net.neoforged.neoforge.network.ConfigurationInitialization for @SubscribeEvent-annotated methods
[13feb2026 20:59:31.210] [modloading-worker-0/DEBUG] [net.neoforged.fml.javafmlmod.AutomaticEventSubscriber/LOADING]: Subscribing method private static void net.neoforged.neoforge.network.ConfigurationInitialization.configureModdedClient(net.neoforged.neoforge.network.event.RegisterConfigurationTasksEvent) to the event bus of mod neoforge
[13feb2026 20:59:31.210] [modloading-worker-0/DEBUG] [net.neoforged.fml.javafmlmod.AutomaticEventSubscriber/LOADING]: Scanning class net.neoforged.neoforge.network.NetworkInitialization for @SubscribeEvent-annotated methods
[13feb2026 20:59:31.211] [modloading-worker-0/DEBUG] [net.neoforged.fml.javafmlmod.AutomaticEventSubscriber/LOADING]: Subscribing method private static void net.neoforged.neoforge.network.NetworkInitialization.register(net.neoforged.neoforge.network.event.RegisterPayloadHandlersEvent) to the event bus of mod neoforge
[13feb2026 20:59:31.211] [modloading-worker-0/DEBUG] [net.neoforged.fml.javafmlmod.AutomaticEventSubscriber/LOADING]: Scanning class net.neoforged.neoforge.network.filters.GenericPacketSplitter for @SubscribeEvent-annotated methods
[13feb2026 20:59:31.226] [modloading-worker-0/DEBUG] [io.netty.buffer.AbstractByteBuf/]: -Dio.netty.buffer.checkAccessible: true
[13feb2026 20:59:31.226] [modloading-worker-0/DEBUG] [io.netty.buffer.AbstractByteBuf/]: -Dio.netty.buffer.checkBounds: true
[13feb2026 20:59:31.228] [modloading-worker-0/DEBUG] [io.netty.util.ResourceLeakDetectorFactory/]: Loaded default ResourceLeakDetector: io.netty.util.ResourceLeakDetector@6dc4b7e3
[13feb2026 20:59:31.233] [modloading-worker-0/DEBUG] [io.netty.util.internal.InternalThreadLocalMap/]: -Dio.netty.threadLocalMap.stringBuilder.initialSize: 1024
[13feb2026 20:59:31.233] [modloading-worker-0/DEBUG] [io.netty.util.internal.InternalThreadLocalMap/]: -Dio.netty.threadLocalMap.stringBuilder.maxSize: 4096
[13feb2026 20:59:31.236] [modloading-worker-0/DEBUG] [io.netty.buffer.PooledByteBufAllocator/]: -Dio.netty.allocator.numHeapArenas: 32
[13feb2026 20:59:31.236] [modloading-worker-0/DEBUG] [io.netty.buffer.PooledByteBufAllocator/]: -Dio.netty.allocator.numDirectArenas: 32
[13feb2026 20:59:31.236] [modloading-worker-0/DEBUG] [io.netty.buffer.PooledByteBufAllocator/]: -Dio.netty.allocator.pageSize: 8192
[13feb2026 20:59:31.236] [modloading-worker-0/DEBUG] [io.netty.buffer.PooledByteBufAllocator/]: -Dio.netty.allocator.maxOrder: 9
[13feb2026 20:59:31.236] [modloading-worker-0/DEBUG] [io.netty.buffer.PooledByteBufAllocator/]: -Dio.netty.allocator.chunkSize: 4194304
[13feb2026 20:59:31.236] [modloading-worker-0/DEBUG] [io.netty.buffer.PooledByteBufAllocator/]: -Dio.netty.allocator.smallCacheSize: 256
[13feb2026 20:59:31.236] [modloading-worker-0/DEBUG] [io.netty.buffer.PooledByteBufAllocator/]: -Dio.netty.allocator.normalCacheSize: 64
[13feb2026 20:59:31.236] [modloading-worker-0/DEBUG] [io.netty.buffer.PooledByteBufAllocator/]: -Dio.netty.allocator.maxCachedBufferCapacity: 32768
[13feb2026 20:59:31.236] [modloading-worker-0/DEBUG] [io.netty.buffer.PooledByteBufAllocator/]: -Dio.netty.allocator.cacheTrimInterval: 8192
[13feb2026 20:59:31.236] [modloading-worker-0/DEBUG] [io.netty.buffer.PooledByteBufAllocator/]: -Dio.netty.allocator.cacheTrimIntervalMillis: 0
[13feb2026 20:59:31.236] [modloading-worker-0/DEBUG] [io.netty.buffer.PooledByteBufAllocator/]: -Dio.netty.allocator.useCacheForAllThreads: false
[13feb2026 20:59:31.236] [modloading-worker-0/DEBUG] [io.netty.buffer.PooledByteBufAllocator/]: -Dio.netty.allocator.maxCachedByteBuffersPerChunk: 1023
[13feb2026 20:59:31.236] [modloading-worker-0/DEBUG] [io.netty.buffer.PooledByteBufAllocator/]: -Dio.netty.allocator.disableCacheFinalizersForFastThreadLocalThreads: false
[13feb2026 20:59:31.241] [modloading-worker-0/DEBUG] [io.netty.buffer.ByteBufUtil/]: -Dio.netty.allocator.type: pooled
[13feb2026 20:59:31.241] [modloading-worker-0/DEBUG] [io.netty.buffer.ByteBufUtil/]: -Dio.netty.threadLocalDirectBufferSize: 0
[13feb2026 20:59:31.241] [modloading-worker-0/DEBUG] [io.netty.buffer.ByteBufUtil/]: -Dio.netty.maxThreadLocalCharBufferSize: 16384
[13feb2026 20:59:31.245] [modloading-worker-0/DEBUG] [net.neoforged.fml.javafmlmod.AutomaticEventSubscriber/LOADING]: Subscribing method private static void net.neoforged.neoforge.network.filters.GenericPacketSplitter.register(net.neoforged.neoforge.network.event.RegisterPayloadHandlersEvent) to the event bus of mod neoforge
[13feb2026 20:59:31.769] [main/INFO] [net.minecraft.data.DataGenerator/]: Starting provider: OnlyPaxel Recipe
[13feb2026 20:59:31.810] [main/INFO] [net.minecraft.data.DataGenerator/]: OnlyPaxel Recipe finished after 40 ms
[13feb2026 20:59:31.811] [main/INFO] [net.minecraft.data.DataGenerator/]: Starting provider: Tags for minecraft:block mod id onlypaxel
[13feb2026 20:59:31.817] [main/INFO] [net.minecraft.data.DataGenerator/]: Tags for minecraft:block mod id onlypaxel finished after 6 ms
[13feb2026 20:59:31.817] [main/INFO] [net.minecraft.data.DataGenerator/]: Starting provider: Tags for minecraft:item mod id vanilla
[13feb2026 20:59:31.823] [main/INFO] [net.minecraft.data.DataGenerator/]: Tags for minecraft:item mod id vanilla finished after 6 ms
[13feb2026 20:59:31.823] [main/INFO] [net.minecraft.data.DataGenerator/]: Starting provider: Model Definitions - onlypaxel
[13feb2026 20:59:31.872] [main/INFO] [net.minecraft.data.DataGenerator/]: Model Definitions - onlypaxel finished after 48 ms
[13feb2026 20:59:31.872] [main/INFO] [net.minecraft.data.DataGenerator/]: All providers took: 102 ms
[13feb2026 20:59:31.881] [main/INFO] [net.minecraft.data.HashCache/]: Caching: total files: 42, old count: 0, new count: 43, removed stale: 0, written: 42
[13feb2026 20:59:31.881] [main/INFO] [net.neoforged.fml.loading.FMLLoader/]: Closing FML Loader 3aa0a0a
[13feb2026 20:59:31.881] [main/INFO] [net.neoforged.fml.ModLoader/]: Clearing ModLoader
