[13feb2026 21:06:35.844] [main/INFO] [net.neoforged.fml.startup.Entrypoint/]: JVM Uptime at startup: 126ms
[13feb2026 21:06:35.851] [main/INFO] [net.neoforged.fml.loading.FMLLoader/]: Starting FancyModLoader version 10.0.36 (CLIENT in DEV)
[13feb2026 21:06:35.851] [main/INFO] [net.neoforged.fml.loading.FMLLoader/]: Game directory: D:\Programmazione\Mod\Only Paxel\NEOFORGE\1.21.11\runs\clientData
[13feb2026 21:06:35.911] [main/INFO] [net.neoforged.fml.loading.EarlyServiceDiscovery/]: Found 2 early service jars (out of 108) in 27ms
[13feb2026 21:06:35.911] [main/INFO] [net.neoforged.fml.loading.FMLLoader/]: Loading FML Early Services:
[13feb2026 21:06:35.912] [main/INFO] [net.neoforged.fml.loading.FMLLoader/]:  - C:/Users/rosar/.gradle/caches/modules-2/files-2.1/net.neoforged.fancymodloader/earlydisplay/10.0.36/dbd0e11d545443f602addede111c39d9639708f9/earlydisplay-10.0.36.jar
[13feb2026 21:06:35.913] [main/INFO] [net.neoforged.fml.loading.FMLLoader/]:  - C:/Users/rosar/.gradle/caches/modules-2/files-2.1/net.neoforged.fancymodloader/loader/10.0.36/f72ab4d3e755fe736829883d90430a281527aca/loader-10.0.36.jar
[13feb2026 21:06:35.918] [main/INFO] [net.neoforged.fml.loading.ImmediateWindowHandler/]: Not loading early display in headless mode.
[13feb2026 21:06:35.954] [main/INFO] [net.neoforged.fml.loading.moddiscovery.locators.GameLocator/]: Detected a joined NeoForge and Minecraft configuration. Applying filtering...
[13feb2026 21:06:36.059] [main/INFO] [net.neoforged.fml.loading.moddiscovery.locators.InDevFolderLocator/CORE]: Got mod coordinates 1.21.11%%D:\Programmazione\Mod\Only Paxel\NEOFORGE\1.21.11\build\resources\main;1.21.11%%D:\Programmazione\Mod\Only Paxel\NEOFORGE\1.21.11\build\classes\java\main from env
[13feb2026 21:06:36.228] [main/WARN] [net.neoforged.jarjar.selection.JarSelector/]: Attempted to select a dependency jar for JarJar which was passed in as source: library:mixinextras.neoforge. Using jar(C:/Users/rosar/.gradle/caches/modules-2/files-2.1/io.github.llamalad7/mixinextras-neoforge/0.5.0/d734b83ce6542bb70ea31755c1595b88992dbe65/mixinextras-neoforge-0.5.0.jar)
[13feb2026 21:06:36.228] [main/INFO] [net.neoforged.fml.loading.moddiscovery.locators.JarInJarDependencyLocator/]: Found 1 dependencies adding them to mods collection
[13feb2026 21:06:36.230] [main/INFO] [net.neoforged.fml.loading.moddiscovery.ModDiscoverer/]: 
     Mod List:
		Name Version (Mod Id)

		Minecraft 1.21.11 (minecraft)
		NeoForge 21.11.13-beta (neoforge)
		OnlyPaxel 1.21.11-0.2 (onlypaxel)
[13feb2026 21:06:36.586] [main/INFO] [mixin/]: SpongePowered MIXIN Subsystem Version=0.8.7 Source=file:/C:/Users/rosar/.gradle/caches/modules-2/files-2.1/net.fabricmc/sponge-mixin/0.16.5+mixin.0.8.7/80fc3a9f592673cea87f4cd702f87991c6c9fe4d/sponge-mixin-0.16.5+mixin.0.8.7.jar Service=FML Env=CLIENT
[13feb2026 21:06:36.684] [main/INFO] [net.neoforged.fml.loading.FMLLoader/]: Loading FML Plugins:
[13feb2026 21:06:36.685] [main/INFO] [net.neoforged.fml.loading.FMLLoader/]:  - C:/Users/rosar/.gradle/caches/modules-2/files-2.1/net.neoforged/neoforge/21.11.13-beta/2c339988bbc534c47e5c61bcaaf2c857f1b1928d/neoforge-21.11.13-beta-universal.jar > net.neoforged.neoforge-coremods-21.11.13-beta.jar
[13feb2026 21:06:36.927] [main/INFO] [net.neoforged.fml.loading.FMLLoader/]: Building game content classloader:
 - minecraft (composite(filtered(jar(D:/Programmazione/Mod/Only Paxel/NEOFORGE/1.21.11/.gradle/repositories/ng_dummy_ng/net/neoforged/neoforge/21.11.13-beta/neoforge-21.11.13-beta.jar)), filtered(jar(D:/Programmazione/Mod/Only Paxel/NEOFORGE/1.21.11/.gradle/repositories/ng_dummy_ng/net/neoforged/neoforge/21.11.13-beta/neoforge-21.11.13-beta.jar))))
 - mixinextras.neoforge (jar(C:/Users/rosar/.gradle/caches/modules-2/files-2.1/io.github.llamalad7/mixinextras-neoforge/0.5.0/d734b83ce6542bb70ea31755c1595b88992dbe65/mixinextras-neoforge-0.5.0.jar))
 - neoforge (composite(filtered(jar(C:/Users/rosar/.gradle/caches/modules-2/files-2.1/net.neoforged/neoforge/21.11.13-beta/2c339988bbc534c47e5c61bcaaf2c857f1b1928d/neoforge-21.11.13-beta-universal.jar))))
 - net.neoforged.fml.generated (empty(VirtualJar/net.neoforged.fml.generated))
 - onlypaxel (composite(folder(D:/Programmazione/Mod/Only Paxel/NEOFORGE/1.21.11/build/resources/main), folder(D:/Programmazione/Mod/Only Paxel/NEOFORGE/1.21.11/build/classes/java/main)))
[13feb2026 21:06:36.955] [main/INFO] [net.neoforged.fml.loading.FMLLoader/]: Built game content classloader in 45ms
[13feb2026 21:06:37.952] [main/INFO] [MixinExtras|Service/]: Initializing MixinExtras via com.llamalad7.mixinextras.service.MixinExtrasServiceImpl(version=0.5.0).
[13feb2026 21:06:43.232] [main/INFO] [net.neoforged.neoforge.data.loading.DatagenModLoader/]: Initializing Data Gatherer for mods [onlypaxel]
[13feb2026 21:06:43.269] [modloading-worker-0/INFO] [net.neoforged.neoforge.common.NeoForgeMod/NEOFORGE-MOD]: NeoForge mod loading, version 21.11.13-beta, for MC 1.21.11
[13feb2026 21:06:43.955] [main/INFO] [net.minecraft.data.DataGenerator/]: Starting provider: OnlyPaxel Recipe
[13feb2026 21:06:44.005] [main/INFO] [net.minecraft.data.DataGenerator/]: OnlyPaxel Recipe finished after 48 ms
[13feb2026 21:06:44.005] [main/INFO] [net.minecraft.data.DataGenerator/]: Starting provider: Tags for minecraft:block mod id onlypaxel
[13feb2026 21:06:44.011] [main/INFO] [net.minecraft.data.DataGenerator/]: Tags for minecraft:block mod id onlypaxel finished after 6 ms
[13feb2026 21:06:44.011] [main/INFO] [net.minecraft.data.DataGenerator/]: Starting provider: Tags for minecraft:item mod id vanilla
[13feb2026 21:06:44.017] [main/INFO] [net.minecraft.data.DataGenerator/]: Tags for minecraft:item mod id vanilla finished after 5 ms
[13feb2026 21:06:44.017] [main/INFO] [net.minecraft.data.DataGenerator/]: Starting provider: Model Definitions - onlypaxel
[13feb2026 21:06:44.065] [main/INFO] [net.minecraft.data.DataGenerator/]: Model Definitions - onlypaxel finished after 46 ms
[13feb2026 21:06:44.065] [main/INFO] [net.minecraft.data.DataGenerator/]: All providers took: 109 ms
[13feb2026 21:06:44.072] [main/INFO] [net.minecraft.data.HashCache/]: Caching: total files: 42, old count: 0, new count: 43, removed stale: 0, written: 42
[13feb2026 21:06:44.072] [main/INFO] [net.neoforged.fml.loading.FMLLoader/]: Closing FML Loader afbe4bd
[13feb2026 21:06:44.073] [main/INFO] [net.neoforged.fml.ModLoader/]: Clearing ModLoader
